// Jest Snapshot v1, https://goo.gl/fbAQLP

exports[`Product list item Product list item render 1`] = `
{
  "asFragment": [Function],
  "baseElement": <body>
    <div>
      <li
        class="product_item"
        data-testid="product-list-item-test"
      >
        <img
          alt="picture"
          data-nimg="1"
          decoding="async"
          height="50"
          loading="lazy"
          src="/_next/image?url=http%3A%2F%2Flocal&w=128&q=75"
          srcset="/_next/image?url=http%3A%2F%2Flocal&w=64&q=75 1x, /_next/image?url=http%3A%2F%2Flocal&w=128&q=75 2x"
          style="color: transparent;"
          width="50"
        />
        <div
          class="info_container"
        >
          <div
            class="text"
          >
            f
          </div>
          <div
            class="description"
          >
            Some description
          </div>
        </div>
      </li>
    </div>
  </body>,
  "container": <div>
    <li
      class="product_item"
      data-testid="product-list-item-test"
    >
      <img
        alt="picture"
        data-nimg="1"
        decoding="async"
        height="50"
        loading="lazy"
        src="/_next/image?url=http%3A%2F%2Flocal&w=128&q=75"
        srcset="/_next/image?url=http%3A%2F%2Flocal&w=64&q=75 1x, /_next/image?url=http%3A%2F%2Flocal&w=128&q=75 2x"
        style="color: transparent;"
        width="50"
      />
      <div
        class="info_container"
      >
        <div
          class="text"
        >
          f
        </div>
        <div
          class="description"
        >
          Some description
        </div>
      </div>
    </li>
  </div>,
  "debug": [Function],
  "findAllByAltText": [Function],
  "findAllByDisplayValue": [Function],
  "findAllByLabelText": [Function],
  "findAllByPlaceholderText": [Function],
  "findAllByRole": [Function],
  "findAllByTestId": [Function],
  "findAllByText": [Function],
  "findAllByTitle": [Function],
  "findByAltText": [Function],
  "findByDisplayValue": [Function],
  "findByLabelText": [Function],
  "findByPlaceholderText": [Function],
  "findByRole": [Function],
  "findByTestId": [Function],
  "findByText": [Function],
  "findByTitle": [Function],
  "getAllByAltText": [Function],
  "getAllByDisplayValue": [Function],
  "getAllByLabelText": [Function],
  "getAllByPlaceholderText": [Function],
  "getAllByRole": [Function],
  "getAllByTestId": [Function],
  "getAllByText": [Function],
  "getAllByTitle": [Function],
  "getByAltText": [Function],
  "getByDisplayValue": [Function],
  "getByLabelText": [Function],
  "getByPlaceholderText": [Function],
  "getByRole": [Function],
  "getByTestId": [Function],
  "getByText": [Function],
  "getByTitle": [Function],
  "queryAllByAltText": [Function],
  "queryAllByDisplayValue": [Function],
  "queryAllByLabelText": [Function],
  "queryAllByPlaceholderText": [Function],
  "queryAllByRole": [Function],
  "queryAllByTestId": [Function],
  "queryAllByText": [Function],
  "queryAllByTitle": [Function],
  "queryByAltText": [Function],
  "queryByDisplayValue": [Function],
  "queryByLabelText": [Function],
  "queryByPlaceholderText": [Function],
  "queryByRole": [Function],
  "queryByTestId": [Function],
  "queryByText": [Function],
  "queryByTitle": [Function],
  "rerender": [Function],
  "store": {
    "@@observable": [Function],
    "dispatch": [Function],
    "getState": [Function],
    "replaceReducer": [Function],
    "subscribe": [Function],
  },
  "unmount": [Function],
}
`;
